CV column: out-of-sample MSE reduction from adding richness, leave-4deg-block-out; * = block-bootstrap CI excludes 0

--- response variable (dominant-class mask, rarefied@250) ---
ML_Error
response = GPP                     n=221  OLS +0.273 (p=1.6e-08) | SEM +0.017 (p=0.506) | CV  +9.4% [ -0.2, +19.1]
ML_Error
response = NPP                     n=221  OLS +0.384 (p=1.9e-11) | SEM +0.093 (p=0.008) | CV +14.6% [ +1.8, +27.9] *
ML_Error
response = NDVI                    n=221  OLS +0.274 (p=7.8e-11) | SEM +0.044 (p=0.108) | CV +11.1% [ +3.2, +19.3] *
ML_Error
response = EVI                     n=221  OLS +0.212 (p=1.0e-07) | SEM +0.017 (p=0.453) | CV  +7.0% [ -0.0, +14.1]

--- land-cover mask (GPP, rarefied@250) ---
ML_Error
mask = dominant class (baseline)   n=221  OLS +0.273 (p=1.6e-08) | SEM +0.017 (p=0.506) | CV  +9.4% [ -0.3, +19.4]
ML_Error
mask = natural_frac >= 0.5         n=236  OLS +0.286 (p=1.0e-09) | SEM +0.023 (p=0.369) | CV +10.1% [ +0.9, +19.5] *
ML_Error
mask = natural_frac >= 0.7         n=163  OLS +0.258 (p=1.1e-06) | SEM +0.067 (p=0.028) | CV  +9.0% [ -0.3, +18.6]
ML_Error
mask = cropland+built < 0.3        n=188  OLS +0.249 (p=4.6e-07) | SEM +0.016 (p=0.614) | CV  +9.1% [ -0.1, +19.1]
ML_Error
mask = land only, NO land-cover mask n=438  OLS +0.251 (p=1.7e-11) | SEM +0.055 (p=0.002) | CV  +7.4% [ -0.8, +16.7]

--- rarefaction level (GPP, dominant-class mask) ---
ML_Error
richness = rarefied_250            n=221  OLS +0.273 (p=1.6e-08) | SEM +0.017 (p=0.506) | CV  +9.4% [ +0.0, +19.0] *
ML_Error
richness = rarefied_100            n=238  OLS +0.242 (p=1.4e-06) | SEM +0.011 (p=0.659) | CV  +7.3% [ +0.5, +13.7] *
ML_Error
richness = rarefied_50             n=246  OLS +0.226 (p=6.6e-04) | SEM -0.001 (p=0.965) | CV  +6.2% [ -2.5, +14.0]

--- raw (uncorrected) richness, for contrast ---
ML_Error
richness = raw observed (naive)    n=253  OLS +0.448 (p=2.8e-06) | SEM +0.080 (p=0.154) | CV  +5.7% [ -7.6, +16.8]
