n = 221 cells
cluster-robust: 39 blocks of 4 degrees, median 5.0 cells per block

term                    coef     se(HC3)    p(HC3) |   se(clust)  p(clust)
----------------------------------------------------------------------------
const               -0.73782      0.2224    0.0009 |      0.3339    0.0271
rarefied_250         0.01097     0.00194    0.0000 |    0.002872    0.0001
log_effort         -0.053738     0.03649    0.1409 |     0.04145    0.1949
temp_c              0.039536    0.003482    0.0000 |    0.006352    0.0000
precip_mm_yr      0.00029749   5.282e-05    0.0000 |   9.365e-05    0.0015

richness SE inflates 1.48x under clustering
ML_Lag
C:\Users\10cde\Miniconda3\Lib\site-packages\spreg\ml_error.py:184: RuntimeWarning: Method 'bounded' does not support relative tolerance in x; defaulting to absolute tolerance.
  res = minimize_scalar(
ML_Error

--- SPATIAL LAG (ML) ---
  term                    coef          se         p
  CONSTANT            -0.54376      0.1297    0.0000
  rarefied_250       0.0034996    0.001156    0.0025
  log_effort         -0.022135     0.02075    0.2860
  temp_c              0.016448    0.002395    0.0000
  precip_mm_yr      0.00020284   2.712e-05    0.0000
  rho (spatial lag)      0.71857
  pseudo R2 = 0.8768

--- SPATIAL ERROR (ML) ---
  term                    coef          se         p
  CONSTANT             0.29012      0.1715    0.0907
  rarefied_250      0.00069461    0.001044    0.5059
  log_effort         0.0053014     0.02161    0.8062
  temp_c              0.013707     0.00412    0.0009
  precip_mm_yr      0.00038423   2.598e-05    0.0000
  lambda (error corr)       0.9097
  pseudo R2 = 0.3943

--- residual Moran's I ---
  OLS            I=+0.7233  z= 15.35  p=0.0010
  spatial lag    I=+0.1612  z=  3.52  p=0.0010
  spatial error  I=+0.0336  z=  0.78  p=0.2060

=== VERDICT on rarefied richness ===
  OLS + HC3      beta=+0.01097  se=0.00194  p=0.0000  significant
  OLS + cluster  beta=+0.01097  se=0.00287  p=0.0001  significant
  spatial lag    beta=+0.00350  se=0.00116  p=0.0025  significant
  spatial error  beta=+0.00069  se=0.00104  p=0.5059  NOT significant
